// Jest Snapshot v1, https://goo.gl/fbAQLP

exports[`StoryItem to match snapshot 1`] = `
ShallowWrapper {
  "length": 1,
  Symbol(enzyme.__root__): [Circular],
  Symbol(enzyme.__unrendered__): <StoryItem
    className="story_item"
    handleGetKidsItems={[Function]}
    story={
        Object {
            "by": "by",
            "kids": Array [],
            "kidsItems": Array [],
            "text": "text",
            "title": "title",
            "url": "url",
          }
    }
/>,
  Symbol(enzyme.__renderer__): Object {
    "batchedUpdates": [Function],
    "getNode": [Function],
    "render": [Function],
    "simulateEvent": [Function],
    "unmount": [Function],
  },
  Symbol(enzyme.__node__): Object {
    "instance": null,
    "key": undefined,
    "nodeType": "host",
    "props": Object {
      "children": Array [
        <div
          className="story_item_score"
>
          <img
                    alt="upvote gif"
                    src="https://news.ycombinator.com/grayarrow2x.gif"
          />
          <p />
</div>,
        <div
          className="story_item_title"
>
          <a
                    href="url"
                    target="_blank"
          >
                    <h2>
                              title
                    </h2>
          </a>
          <p>
                    by 
                    <strong>
                              by
                    </strong>
          </p>
</div>,
        <div
          className="story_item_comments"
>
          <button
                    onClick={[Function]}
          >
                    Read More
          </button>
</div>,
      ],
      "className": "story_item",
    },
    "ref": null,
    "rendered": Array [
      Object {
        "instance": null,
        "key": undefined,
        "nodeType": "host",
        "props": Object {
          "children": Array [
            <img
              alt="upvote gif"
              src="https://news.ycombinator.com/grayarrow2x.gif"
/>,
            <p />,
          ],
          "className": "story_item_score",
        },
        "ref": null,
        "rendered": Array [
          Object {
            "instance": null,
            "key": undefined,
            "nodeType": "host",
            "props": Object {
              "alt": "upvote gif",
              "src": "https://news.ycombinator.com/grayarrow2x.gif",
            },
            "ref": null,
            "rendered": null,
            "type": "img",
          },
          Object {
            "instance": null,
            "key": undefined,
            "nodeType": "host",
            "props": Object {
              "children": undefined,
            },
            "ref": null,
            "rendered": null,
            "type": "p",
          },
        ],
        "type": "div",
      },
      Object {
        "instance": null,
        "key": undefined,
        "nodeType": "host",
        "props": Object {
          "children": Array [
            <a
              href="url"
              target="_blank"
>
              <h2>
                            title
              </h2>
</a>,
            <p>
              by 
              <strong>
                            by
              </strong>
</p>,
          ],
          "className": "story_item_title",
        },
        "ref": null,
        "rendered": Array [
          Object {
            "instance": null,
            "key": undefined,
            "nodeType": "host",
            "props": Object {
              "children": <h2>
                title
</h2>,
              "href": "url",
              "target": "_blank",
            },
            "ref": null,
            "rendered": Object {
              "instance": null,
              "key": undefined,
              "nodeType": "host",
              "props": Object {
                "children": "title",
              },
              "ref": null,
              "rendered": "title",
              "type": "h2",
            },
            "type": "a",
          },
          Object {
            "instance": null,
            "key": undefined,
            "nodeType": "host",
            "props": Object {
              "children": Array [
                "by ",
                <strong>
                  by
</strong>,
              ],
            },
            "ref": null,
            "rendered": Array [
              "by ",
              Object {
                "instance": null,
                "key": undefined,
                "nodeType": "host",
                "props": Object {
                  "children": "by",
                },
                "ref": null,
                "rendered": "by",
                "type": "strong",
              },
            ],
            "type": "p",
          },
        ],
        "type": "div",
      },
      Object {
        "instance": null,
        "key": undefined,
        "nodeType": "host",
        "props": Object {
          "children": <button
            onClick={[Function]}
>
            Read More
</button>,
          "className": "story_item_comments",
        },
        "ref": null,
        "rendered": Object {
          "instance": null,
          "key": undefined,
          "nodeType": "host",
          "props": Object {
            "children": "Read More",
            "onClick": [Function],
          },
          "ref": null,
          "rendered": "Read More",
          "type": "button",
        },
        "type": "div",
      },
    ],
    "type": "div",
  },
  Symbol(enzyme.__nodes__): Array [
    Object {
      "instance": null,
      "key": undefined,
      "nodeType": "host",
      "props": Object {
        "children": Array [
          <div
            className="story_item_score"
>
            <img
                        alt="upvote gif"
                        src="https://news.ycombinator.com/grayarrow2x.gif"
            />
            <p />
</div>,
          <div
            className="story_item_title"
>
            <a
                        href="url"
                        target="_blank"
            >
                        <h2>
                                    title
                        </h2>
            </a>
            <p>
                        by 
                        <strong>
                                    by
                        </strong>
            </p>
</div>,
          <div
            className="story_item_comments"
>
            <button
                        onClick={[Function]}
            >
                        Read More
            </button>
</div>,
        ],
        "className": "story_item",
      },
      "ref": null,
      "rendered": Array [
        Object {
          "instance": null,
          "key": undefined,
          "nodeType": "host",
          "props": Object {
            "children": Array [
              <img
                alt="upvote gif"
                src="https://news.ycombinator.com/grayarrow2x.gif"
/>,
              <p />,
            ],
            "className": "story_item_score",
          },
          "ref": null,
          "rendered": Array [
            Object {
              "instance": null,
              "key": undefined,
              "nodeType": "host",
              "props": Object {
                "alt": "upvote gif",
                "src": "https://news.ycombinator.com/grayarrow2x.gif",
              },
              "ref": null,
              "rendered": null,
              "type": "img",
            },
            Object {
              "instance": null,
              "key": undefined,
              "nodeType": "host",
              "props": Object {
                "children": undefined,
              },
              "ref": null,
              "rendered": null,
              "type": "p",
            },
          ],
          "type": "div",
        },
        Object {
          "instance": null,
          "key": undefined,
          "nodeType": "host",
          "props": Object {
            "children": Array [
              <a
                href="url"
                target="_blank"
>
                <h2>
                                title
                </h2>
</a>,
              <p>
                by 
                <strong>
                                by
                </strong>
</p>,
            ],
            "className": "story_item_title",
          },
          "ref": null,
          "rendered": Array [
            Object {
              "instance": null,
              "key": undefined,
              "nodeType": "host",
              "props": Object {
                "children": <h2>
                  title
</h2>,
                "href": "url",
                "target": "_blank",
              },
              "ref": null,
              "rendered": Object {
                "instance": null,
                "key": undefined,
                "nodeType": "host",
                "props": Object {
                  "children": "title",
                },
                "ref": null,
                "rendered": "title",
                "type": "h2",
              },
              "type": "a",
            },
            Object {
              "instance": null,
              "key": undefined,
              "nodeType": "host",
              "props": Object {
                "children": Array [
                  "by ",
                  <strong>
                    by
</strong>,
                ],
              },
              "ref": null,
              "rendered": Array [
                "by ",
                Object {
                  "instance": null,
                  "key": undefined,
                  "nodeType": "host",
                  "props": Object {
                    "children": "by",
                  },
                  "ref": null,
                  "rendered": "by",
                  "type": "strong",
                },
              ],
              "type": "p",
            },
          ],
          "type": "div",
        },
        Object {
          "instance": null,
          "key": undefined,
          "nodeType": "host",
          "props": Object {
            "children": <button
              onClick={[Function]}
>
              Read More
</button>,
            "className": "story_item_comments",
          },
          "ref": null,
          "rendered": Object {
            "instance": null,
            "key": undefined,
            "nodeType": "host",
            "props": Object {
              "children": "Read More",
              "onClick": [Function],
            },
            "ref": null,
            "rendered": "Read More",
            "type": "button",
          },
          "type": "div",
        },
      ],
      "type": "div",
    },
  ],
  Symbol(enzyme.__options__): Object {
    "adapter": ReactSixteenAdapter {
      "options": Object {
        "enableComponentDidUpdateOnSetState": true,
      },
    },
  },
}
`;
