// Jest Snapshot v1, https://goo.gl/fbAQLP

exports[`App renders correctly 1`] = `
ShallowWrapper {
  "length": 1,
  Symbol(enzyme.__root__): [Circular],
  Symbol(enzyme.__unrendered__): <App />,
  Symbol(enzyme.__renderer__): Object {
    "batchedUpdates": [Function],
    "getNode": [Function],
    "render": [Function],
    "simulateEvent": [Function],
    "unmount": [Function],
  },
  Symbol(enzyme.__node__): Object {
    "instance": null,
    "key": undefined,
    "nodeType": "host",
    "props": Object {
      "children": Array [
        <header>
          <img
                    alt="hackernews logo"
                    src="https://news.ycombinator.com/y18.gif"
          />
          <h1>
                    <a
                              href="/"
                    >
                              Hacker News
                    </a>
          </h1>
</header>,
        <div
          className="spinner"
>
          <div>
                    <img
                              alt="orange hn spinner"
                              src="http://maffrigby.com/wp-content/uploads/2014/03/gettestr-large-spinner-orange.gif"
                    />
          </div>
</div>,
      ],
    },
    "ref": null,
    "rendered": Array [
      Object {
        "instance": null,
        "key": undefined,
        "nodeType": "host",
        "props": Object {
          "children": Array [
            <img
              alt="hackernews logo"
              src="https://news.ycombinator.com/y18.gif"
/>,
            <h1>
              <a
                            href="/"
              >
                            Hacker News
              </a>
</h1>,
          ],
        },
        "ref": null,
        "rendered": Array [
          Object {
            "instance": null,
            "key": undefined,
            "nodeType": "host",
            "props": Object {
              "alt": "hackernews logo",
              "src": "https://news.ycombinator.com/y18.gif",
            },
            "ref": null,
            "rendered": null,
            "type": "img",
          },
          Object {
            "instance": null,
            "key": undefined,
            "nodeType": "host",
            "props": Object {
              "children": <a
                href="/"
>
                Hacker News
</a>,
            },
            "ref": null,
            "rendered": Object {
              "instance": null,
              "key": undefined,
              "nodeType": "host",
              "props": Object {
                "children": "Hacker News",
                "href": "/",
              },
              "ref": null,
              "rendered": "Hacker News",
              "type": "a",
            },
            "type": "h1",
          },
        ],
        "type": "header",
      },
      Object {
        "instance": null,
        "key": undefined,
        "nodeType": "host",
        "props": Object {
          "children": <div>
            <img
                        alt="orange hn spinner"
                        src="http://maffrigby.com/wp-content/uploads/2014/03/gettestr-large-spinner-orange.gif"
            />
</div>,
          "className": "spinner",
        },
        "ref": null,
        "rendered": Object {
          "instance": null,
          "key": undefined,
          "nodeType": "host",
          "props": Object {
            "children": <img
              alt="orange hn spinner"
              src="http://maffrigby.com/wp-content/uploads/2014/03/gettestr-large-spinner-orange.gif"
/>,
          },
          "ref": null,
          "rendered": Object {
            "instance": null,
            "key": undefined,
            "nodeType": "host",
            "props": Object {
              "alt": "orange hn spinner",
              "src": "http://maffrigby.com/wp-content/uploads/2014/03/gettestr-large-spinner-orange.gif",
            },
            "ref": null,
            "rendered": null,
            "type": "img",
          },
          "type": "div",
        },
        "type": "div",
      },
    ],
    "type": "div",
  },
  Symbol(enzyme.__nodes__): Array [
    Object {
      "instance": null,
      "key": undefined,
      "nodeType": "host",
      "props": Object {
        "children": Array [
          <header>
            <img
                        alt="hackernews logo"
                        src="https://news.ycombinator.com/y18.gif"
            />
            <h1>
                        <a
                                    href="/"
                        >
                                    Hacker News
                        </a>
            </h1>
</header>,
          <div
            className="spinner"
>
            <div>
                        <img
                                    alt="orange hn spinner"
                                    src="http://maffrigby.com/wp-content/uploads/2014/03/gettestr-large-spinner-orange.gif"
                        />
            </div>
</div>,
        ],
      },
      "ref": null,
      "rendered": Array [
        Object {
          "instance": null,
          "key": undefined,
          "nodeType": "host",
          "props": Object {
            "children": Array [
              <img
                alt="hackernews logo"
                src="https://news.ycombinator.com/y18.gif"
/>,
              <h1>
                <a
                                href="/"
                >
                                Hacker News
                </a>
</h1>,
            ],
          },
          "ref": null,
          "rendered": Array [
            Object {
              "instance": null,
              "key": undefined,
              "nodeType": "host",
              "props": Object {
                "alt": "hackernews logo",
                "src": "https://news.ycombinator.com/y18.gif",
              },
              "ref": null,
              "rendered": null,
              "type": "img",
            },
            Object {
              "instance": null,
              "key": undefined,
              "nodeType": "host",
              "props": Object {
                "children": <a
                  href="/"
>
                  Hacker News
</a>,
              },
              "ref": null,
              "rendered": Object {
                "instance": null,
                "key": undefined,
                "nodeType": "host",
                "props": Object {
                  "children": "Hacker News",
                  "href": "/",
                },
                "ref": null,
                "rendered": "Hacker News",
                "type": "a",
              },
              "type": "h1",
            },
          ],
          "type": "header",
        },
        Object {
          "instance": null,
          "key": undefined,
          "nodeType": "host",
          "props": Object {
            "children": <div>
              <img
                            alt="orange hn spinner"
                            src="http://maffrigby.com/wp-content/uploads/2014/03/gettestr-large-spinner-orange.gif"
              />
</div>,
            "className": "spinner",
          },
          "ref": null,
          "rendered": Object {
            "instance": null,
            "key": undefined,
            "nodeType": "host",
            "props": Object {
              "children": <img
                alt="orange hn spinner"
                src="http://maffrigby.com/wp-content/uploads/2014/03/gettestr-large-spinner-orange.gif"
/>,
            },
            "ref": null,
            "rendered": Object {
              "instance": null,
              "key": undefined,
              "nodeType": "host",
              "props": Object {
                "alt": "orange hn spinner",
                "src": "http://maffrigby.com/wp-content/uploads/2014/03/gettestr-large-spinner-orange.gif",
              },
              "ref": null,
              "rendered": null,
              "type": "img",
            },
            "type": "div",
          },
          "type": "div",
        },
      ],
      "type": "div",
    },
  ],
  Symbol(enzyme.__options__): Object {
    "adapter": ReactSixteenAdapter {
      "options": Object {
        "enableComponentDidUpdateOnSetState": true,
      },
    },
  },
}
`;
